../Core/Src/control.c:42:6:initSubmersible	4	static
../Core/Src/control.c:56:6:MS5837_Reset	24	static
../Core/Src/control.c:63:6:MS5837_ReadPROM	24	static
../Core/Src/control.c:77:6:MS5837_StartConversion	24	static
../Core/Src/control.c:85:6:MS5837_ReadADC	24	static
../Core/Src/control.c:103:6:MS5837_ProcessConversion	8	static
../Core/Src/control.c:113:7:MS5837_CalculatePressure	184	static
../Core/Src/control.c:129:6:initPID	24	static
../Core/Src/control.c:141:7:updatePID	40	static
../Core/Src/control.c:161:6:pidControl	24	static
../Core/Src/control.c:174:6:writeMotor	24	static
