../Core/Src/control.c:34:6:initSubmersible	4	static
../Core/Src/control.c:46:6:MS5837_Reset	24	static
../Core/Src/control.c:53:6:MS5837_ReadPROM	24	static
../Core/Src/control.c:67:6:MS5837_StartConversion	24	static
../Core/Src/control.c:75:6:MS5837_ReadADC	24	static
../Core/Src/control.c:93:6:MS5837_ProcessConversion	8	static
../Core/Src/control.c:103:7:MS5837_CalculatePressure	184	static
../Core/Src/control.c:117:6:initPID	24	static
../Core/Src/control.c:124:7:updatePID	32	static
../Core/Src/control.c:145:6:writeMotor	24	static
