../Core/Src/main.c:107:6:HAL_TIM_PeriodElapsedCallback	16	static
../Core/Src/main.c:246:6:HAL_UART_RxCpltCallback	24	static
../Core/Src/main.c:273:6:HAL_UART_RxHalfCpltCallback	16	static
../Core/Src/main.c:294:6:HAL_UART_ErrorCallback	16	static
../Core/Src/main.c:317:5:main	56	static
../Core/Src/main.c:651:6:SystemClock_Config	88	static
../Core/Src/main.c:698:13:MX_ADC1_Init	24	static
../Core/Src/main.c:745:13:MX_ADC2_Init	24	static
../Core/Src/main.c:792:13:MX_I2C1_Init	8	static
../Core/Src/main.c:826:13:MX_TIM1_Init	56	static
../Core/Src/main.c:876:13:MX_TIM2_Init	48	static
../Core/Src/main.c:929:13:MX_TIM3_Init	32	static
../Core/Src/main.c:974:13:MX_TIM4_Init	32	static
../Core/Src/main.c:1019:13:MX_USART1_UART_Init	8	static
../Core/Src/main.c:1052:13:MX_USART2_UART_Init	8	static
../Core/Src/main.c:1085:13:MX_USART3_UART_Init	8	static
../Core/Src/main.c:1116:13:MX_DMA_Init	16	static
../Core/Src/main.c:1149:13:MX_GPIO_Init	40	static
../Core/Src/main.c:1215:6:Error_Handler	4	static,ignoring_inline_asm
