Archive member included to satisfy reference by file (symbol)

C:/ST/STM32CubeIDE_1.17.0/STM32CubeIDE/plugins/com.st.stm32cube.ide.mcu.externaltools.gnu-tools-for-stm32.12.3.rel1.win32_1.1.0.202410251130/tools/bin/../lib/gcc/arm-none-eabi/12.3.1/../../../../arm-none-eabi/lib/thumb/v7-m/nofp\libc_nano.a(libc_a-exit.o)
                              C:/ST/STM32CubeIDE_1.17.0/STM32CubeIDE/plugins/com.st.stm32cube.ide.mcu.externaltools.gnu-tools-for-stm32.12.3.rel1.win32_1.1.0.202410251130/tools/bin/../lib/gcc/arm-none-eabi/12.3.1/../../../../arm-none-eabi/lib/thumb/v7-m/nofp/crt0.o (exit)
C:/ST/STM32CubeIDE_1.17.0/STM32CubeIDE/plugins/com.st.stm32cube.ide.mcu.externaltools.gnu-tools-for-stm32.12.3.rel1.win32_1.1.0.202410251130/tools/bin/../lib/gcc/arm-none-eabi/12.3.1/../../../../arm-none-eabi/lib/thumb/v7-m/nofp\libc_nano.a(libc_a-findfp.o)
                              C:/ST/STM32CubeIDE_1.17.0/STM32CubeIDE/plugins/com.st.stm32cube.ide.mcu.externaltools.gnu-tools-for-stm32.12.3.rel1.win32_1.1.0.202410251130/tools/bin/../lib/gcc/arm-none-eabi/12.3.1/../../../../arm-none-eabi/lib/thumb/v7-m/nofp\libc_nano.a(libc_a-exit.o) (__stdio_exit_handler)
C:/ST/STM32CubeIDE_1.17.0/STM32CubeIDE/plugins/com.st.stm32cube.ide.mcu.externaltools.gnu-tools-for-stm32.12.3.rel1.win32_1.1.0.202410251130/tools/bin/../lib/gcc/arm-none-eabi/12.3.1/../../../../arm-none-eabi/lib/thumb/v7-m/nofp\libc_nano.a(libc_a-fwalk.o)
                              C:/ST/STM32CubeIDE_1.17.0/STM32CubeIDE/plugins/com.st.stm32cube.ide.mcu.externaltools.gnu-tools-for-stm32.12.3.rel1.win32_1.1.0.202410251130/tools/bin/../lib/gcc/arm-none-eabi/12.3.1/../../../../arm-none-eabi/lib/thumb/v7-m/nofp\libc_nano.a(libc_a-findfp.o) (_fwalk_sglue)
C:/ST/STM32CubeIDE_1.17.0/STM32CubeIDE/plugins/com.st.stm32cube.ide.mcu.externaltools.gnu-tools-for-stm32.12.3.rel1.win32_1.1.0.202410251130/tools/bin/../lib/gcc/arm-none-eabi/12.3.1/../../../../arm-none-eabi/lib/thumb/v7-m/nofp\libc_nano.a(libc_a-stdio.o)
                              C:/ST/STM32CubeIDE_1.17.0/STM32CubeIDE/plugins/com.st.stm32cube.ide.mcu.externaltools.gnu-tools-for-stm32.12.3.rel1.win32_1.1.0.202410251130/tools/bin/../lib/gcc/arm-none-eabi/12.3.1/../../../../arm-none-eabi/lib/thumb/v7-m/nofp\libc_nano.a(libc_a-findfp.o) (__sread)
C:/ST/STM32CubeIDE_1.17.0/STM32CubeIDE/plugins/com.st.stm32cube.ide.mcu.externaltools.gnu-tools-for-stm32.12.3.rel1.win32_1.1.0.202410251130/tools/bin/../lib/gcc/arm-none-eabi/12.3.1/../../../../arm-none-eabi/lib/thumb/v7-m/nofp\libc_nano.a(libc_a-memset.o)
                              C:/ST/STM32CubeIDE_1.17.0/STM32CubeIDE/plugins/com.st.stm32cube.ide.mcu.externaltools.gnu-tools-for-stm32.12.3.rel1.win32_1.1.0.202410251130/tools/bin/../lib/gcc/arm-none-eabi/12.3.1/../../../../arm-none-eabi/lib/thumb/v7-m/nofp/crt0.o (memset)
C:/ST/STM32CubeIDE_1.17.0/STM32CubeIDE/plugins/com.st.stm32cube.ide.mcu.externaltools.gnu-tools-for-stm32.12.3.rel1.win32_1.1.0.202410251130/tools/bin/../lib/gcc/arm-none-eabi/12.3.1/../../../../arm-none-eabi/lib/thumb/v7-m/nofp\libc_nano.a(libc_a-closer.o)
                              C:/ST/STM32CubeIDE_1.17.0/STM32CubeIDE/plugins/com.st.stm32cube.ide.mcu.externaltools.gnu-tools-for-stm32.12.3.rel1.win32_1.1.0.202410251130/tools/bin/../lib/gcc/arm-none-eabi/12.3.1/../../../../arm-none-eabi/lib/thumb/v7-m/nofp\libc_nano.a(libc_a-stdio.o) (_close_r)
C:/ST/STM32CubeIDE_1.17.0/STM32CubeIDE/plugins/com.st.stm32cube.ide.mcu.externaltools.gnu-tools-for-stm32.12.3.rel1.win32_1.1.0.202410251130/tools/bin/../lib/gcc/arm-none-eabi/12.3.1/../../../../arm-none-eabi/lib/thumb/v7-m/nofp\libc_nano.a(libc_a-reent.o)
                              C:/ST/STM32CubeIDE_1.17.0/STM32CubeIDE/plugins/com.st.stm32cube.ide.mcu.externaltools.gnu-tools-for-stm32.12.3.rel1.win32_1.1.0.202410251130/tools/bin/../lib/gcc/arm-none-eabi/12.3.1/../../../../arm-none-eabi/lib/thumb/v7-m/nofp\libc_nano.a(libc_a-closer.o) (errno)
C:/ST/STM32CubeIDE_1.17.0/STM32CubeIDE/plugins/com.st.stm32cube.ide.mcu.externaltools.gnu-tools-for-stm32.12.3.rel1.win32_1.1.0.202410251130/tools/bin/../lib/gcc/arm-none-eabi/12.3.1/../../../../arm-none-eabi/lib/thumb/v7-m/nofp\libc_nano.a(libc_a-impure.o)
                              C:/ST/STM32CubeIDE_1.17.0/STM32CubeIDE/plugins/com.st.stm32cube.ide.mcu.externaltools.gnu-tools-for-stm32.12.3.rel1.win32_1.1.0.202410251130/tools/bin/../lib/gcc/arm-none-eabi/12.3.1/../../../../arm-none-eabi/lib/thumb/v7-m/nofp\libc_nano.a(libc_a-reent.o) (_impure_ptr)
C:/ST/STM32CubeIDE_1.17.0/STM32CubeIDE/plugins/com.st.stm32cube.ide.mcu.externaltools.gnu-tools-for-stm32.12.3.rel1.win32_1.1.0.202410251130/tools/bin/../lib/gcc/arm-none-eabi/12.3.1/../../../../arm-none-eabi/lib/thumb/v7-m/nofp\libc_nano.a(libc_a-lseekr.o)
[...]
Memory Configuration

Name             Origin             Length             Attributes
RAM              0x20000000         0x00005000         xrw
FLASH            0x08000000         0x00010000         xr
*default*        0x00000000         0xffffffff

Linker script and memory map

LOAD C:/ST/STM32CubeIDE_1.17.0/STM32CubeIDE/plugins/com.st.stm32cube.ide.mcu.externaltools.gnu-tools-for-stm32.12.3.rel1.win32_1.1.0.202410251130/tools/bin/../lib/gcc/arm-none-eabi/12.3.1/thumb/v7-m/nofp/crti.o
LOAD C:/ST/STM32CubeIDE_1.17.0/STM32CubeIDE/plugins/com.st.stm32cube.ide.mcu.externaltools.gnu-tools-for-stm32.12.3.rel1.win32_1.1.0.202410251130/tools/bin/../lib/gcc/arm-none-eabi/12.3.1/thumb/v7-m/nofp/crtbegin.o
LOAD C:/ST/STM32CubeIDE_1.17.0/STM32CubeIDE/plugins/com.st.stm32cube.ide.mcu.externaltools.gnu-tools-for-stm32.12.3.rel1.win32_1.1.0.202410251130/tools/bin/../lib/gcc/arm-none-eabi/12.3.1/../../../../arm-none-eabi/lib/thumb/v7-m/nofp/crt0.o
LOAD ./Core/Src/control.o
LOAD ./Core/Src/main.o
LOAD ./Core/Src/sampling.o
LOAD ./Core/Src/stm32f1xx_hal_msp.o
LOAD ./Core/Src/stm32f1xx_it.o
LOAD ./Core/Src/syscalls.o
LOAD ./Core/Src/sysmem.o
LOAD ./Core/Src/system_stm32f1xx.o
LOAD ./Core/Startup/startup_stm32f103c8tx.o
LOAD ./Drivers/STM32F1xx_HAL_Driver/Src/stm32f1xx_hal.o
LOAD ./Drivers/STM32F1xx_HAL_Driver/Src/stm32f1xx_hal_adc.o
LOAD ./Drivers/STM32F1xx_HAL_Driver/Src/stm32f1xx_hal_adc_ex.o
LOAD ./Drivers/STM32F1xx_HAL_Driver/Src/stm32f1xx_hal_cortex.o
LOAD ./Drivers/STM32F1xx_HAL_Driver/Src/stm32f1xx_hal_dma.o
LOAD ./Drivers/STM32F1xx_HAL_Driver/Src/stm32f1xx_hal_exti.o
LOAD ./Drivers/STM32F1xx_HAL_Driver/Src/stm32f1xx_hal_flash.o
LOAD ./Drivers/STM32F1xx_HAL_Driver/Src/stm32f1xx_hal_flash_ex.o
LOAD ./Drivers/STM32F1xx_HAL_Driver/Src/stm32f1xx_hal_gpio.o
LOAD ./Drivers/STM32F1xx_HAL_Driver/Src/stm32f1xx_hal_gpio_ex.o
LOAD ./Drivers/STM32F1xx_HAL_Driver/Src/stm32f1xx_hal_i2c.o
LOAD ./Drivers/STM32F1xx_HAL_Driver/Src/stm32f1xx_hal_pwr.o
LOAD ./Drivers/STM32F1xx_HAL_Driver/Src/stm32f1xx_hal_rcc.o
LOAD ./Drivers/STM32F1xx_HAL_Driver/Src/stm32f1xx_hal_rcc_ex.o
LOAD ./Drivers/STM32F1xx_HAL_Driver/Src/stm32f1xx_hal_tim.o
LOAD ./Drivers/STM32F1xx_HAL_Driver/Src/stm32f1xx_hal_tim_ex.o
LOAD ./Drivers/STM32F1xx_HAL_Driver/Src/stm32f1xx_hal_uart.o
START GROUP
LOAD C:/ST/STM32CubeIDE_1.17.0/STM32CubeIDE/plugins/com.st.stm32cube.ide.mcu.externaltools.gnu-tools-for-stm32.12.3.rel1.win32_1.1.0.202410251130/tools/bin/../lib/gcc/arm-none-eabi/12.3.1/../../../../arm-none-eabi/lib/thumb/v7-m/nofp\libc_nano.a
LOAD C:/ST/STM32CubeIDE_1.17.0/STM32CubeIDE/plugins/com.st.stm32cube.ide.mcu.externaltools.gnu-tools-for-stm32.12.3.rel1.win32_1.1.0.202410251130/tools/bin/../lib/gcc/arm-none-eabi/12.3.1/../../../../arm-none-eabi/lib/thumb/v7-m/nofp\libm.a
END GROUP
START GROUP
LOAD C:/ST/STM32CubeIDE_1.17.0/STM32CubeIDE/plugins/com.st.stm32cube.ide.mcu.externaltools.gnu-tools-for-stm32.12.3.rel1.win32_1.1.0.202410251130/tools/bin/../lib/gcc/arm-none-eabi/12.3.1/thumb/v7-m/nofp\libgcc.a
LOAD C:/ST/STM32CubeIDE_1.17.0/STM32CubeIDE/plugins/com.st.stm32cube.ide.mcu.externaltools.gnu-tools-for-stm32.12.3.rel1.win32_1.1.0.202410251130/tools/bin/../lib/gcc/arm-none-eabi/12.3.1/../../../../arm-none-eabi/lib/thumb/v7-m/nofp\libc_nano.a
END GROUP
START GROUP
LOAD C:/ST/STM32CubeIDE_1.17.0/STM32CubeIDE/plugins/com.st.stm32cube.ide.mcu.externaltools.gnu-tools-for-stm32.12.3.rel1.win32_1.1.0.202410251130/tools/bin/../lib/gcc/arm-none-eabi/12.3.1/thumb/v7-m/nofp\libgcc.a
LOAD C:/ST/STM32CubeIDE_1.17.0/STM32CubeIDE/plugins/com.st.stm32cube.ide.mcu.externaltools.gnu-tools-for-stm32.12.3.rel1.win32_1.1.0.202410251130/tools/bin/../lib/gcc/arm-none-eabi/12.3.1/../../../../arm-none-eabi/lib/thumb/v7-m/nofp\libc_nano.a
LOAD C:/ST/STM32CubeIDE_1.17.0/STM32CubeIDE/plugins/com.st.stm32cube.ide.mcu.externaltools.gnu-tools-for-stm32.12.3.rel1.win32_1.1.0.202410251130/tools/bin/../lib/gcc/arm-none-eabi/12.3.1/../../../../arm-none-eabi/lib/thumb/v7-m/nofp\libnosys.a
END GROUP
START GROUP
LOAD C:/ST/STM32CubeIDE_1.17.0/STM32CubeIDE/plugins/com.st.stm32cube.ide.mcu.externaltools.gnu-tools-for-stm32.12.3.rel1.win32_1.1.0.202410251130/tools/bin/../lib/gcc/arm-none-eabi/12.3.1/thumb/v7-m/nofp\libgcc.a
LOAD C:/ST/STM32CubeIDE_1.17.0/STM32CubeIDE/plugins/com.st.stm32cube.ide.mcu.externaltools.gnu-tools-for-stm32.12.3.rel1.win32_1.1.0.202410251130/tools/bin/../lib/gcc/arm-none-eabi/12.3.1/../../../../arm-none-eabi/lib/thumb/v7-m/nofp\libc_nano.a
LOAD C:/ST/STM32CubeIDE_1.17.0/STM32CubeIDE/plugins/com.st.stm32cube.ide.mcu.externaltools.gnu-tools-for-stm32.12.3.rel1.win32_1.1.0.202410251130/tools/bin/../lib/gcc/arm-none-eabi/12.3.1/../../../../arm-none-eabi/lib/thumb/v7-m/nofp\libnosys.a
END GROUP
LOAD C:/ST/STM32CubeIDE_1.17.0/STM32CubeIDE/plugins/com.st.stm32cube.ide.mcu.externaltools.gnu-tools-for-stm32.12.3.rel1.win32_1.1.0.202410251130/tools/bin/../lib/gcc/arm-none-eabi/12.3.1/thumb/v7-m/nofp/crtend.o
LOAD C:/ST/STM32CubeIDE_1.17.0/STM32CubeIDE/plugins/com.st.stm32cube.ide.mcu.externaltools.gnu-tools-for-stm32.12.3.rel1.win32_1.1.0.202410251130/tools/bin/../lib/gcc/arm-none-eabi/12.3.1/thumb/v7-m/nofp/crtn.o
                0x20005000                        _estack = (ORIGIN (RAM) + LENGTH (RAM))
                0x00000200                        _Min_Heap_Size = 0x200
                0x00000400                        _Min_Stack_Size = 0x400

.isr_vector     0x08000000      0x10c
                0x08000000                        . = ALIGN (0x4)
 *(.isr_vector)
 .isr_vector    0x08000000      0x10c ./Core/Startup/startup_stm32f103c8tx.o
                0x08000000                g_pfnVectors
                0x0800010c                        . = ALIGN (0x4)

.text           0x0800010c     0x4678
                0x0800010c                        . = ALIGN (0x4)
 *(.text)
 .text          0x0800010c       0x40 C:/ST/STM32CubeIDE_1.17.0/STM32CubeIDE/plugins/com.st.stm32cube.ide.mcu.externaltools.gnu-tools-for-stm32.12.3.rel1.win32_1.1.0.202410251130/tools/bin/../lib/gcc/arm-none-eabi/12.3.1/thumb/v7-m/nofp/crtbegin.o
 *(.text*)
 .text.main     0x0800014c       0xa8 ./Core/Src/main.o
                0x0800014c                main
 .text.SystemClock_Config
                0x080001f4       0xb6 ./Core/Src/main.o
                0x080001f4                SystemClock_Config
 *fill*         0x080002aa        0x2 
 .text.MX_ADC1_Init
                0x080002ac       0x7c ./Core/Src/main.o
 .text.MX_I2C1_Init
                0x08000328       0x5c ./Core/Src/main.o
 .text.MX_TIM1_Init
                0x08000384       0xb0 ./Core/Src/main.o
 .text.MX_TIM2_Init
                0x08000434       0xc8 ./Core/Src/main.o
 .text.MX_TIM4_Init
                0x080004fc       0x9c ./Core/Src/main.o
 .text.MX_USART1_UART_Init
                0x08000598       0x54 ./Core/Src/main.o
 .text.MX_USART2_UART_Init
                0x080005ec       0x54 ./Core/Src/main.o
 .text.MX_USART3_UART_Init
                0x08000640       0x54 ./Core/Src/main.o
 .text.MX_DMA_Init
                0x08000694       0x8c ./Core/Src/main.o
 .text.MX_GPIO_Init
                0x08000720      0x150 ./Core/Src/main.o
 .text.Error_Handler
                0x08000870        0xc ./Core/Src/main.o
                0x08000870                Error_Handler
 .text.HAL_MspInit
                0x0800087c       0x74 ./Core/Src/stm32f1xx_hal_msp.o
                0x0800087c                HAL_MspInit
 .text.HAL_ADC_MspInit
                0x080008f0       0xa8 ./Core/Src/stm32f1xx_hal_msp.o
                0x080008f0                HAL_ADC_MspInit
 .text.HAL_I2C_MspInit
                0x08000998       0xa0 ./Core/Src/stm32f1xx_hal_msp.o
                0x08000998                HAL_I2C_MspInit
 .text.HAL_TIM_Encoder_MspInit
                0x08000a38       0x80 ./Core/Src/stm32f1xx_hal_msp.o
                0x08000a38                HAL_TIM_Encoder_MspInit
 .text.HAL_TIM_PWM_MspInit
                0x08000ab8       0x38 ./Core/Src/stm32f1xx_hal_msp.o
                0x08000ab8                HAL_TIM_PWM_MspInit
 .text.HAL_TIM_Base_MspInit
                0x08000af0       0x4c ./Core/Src/stm32f1xx_hal_msp.o
                0x08000af0                HAL_TIM_Base_MspInit
 .text.HAL_TIM_MspPostInit
                0x08000b3c       0xc0 ./Core/Src/stm32f1xx_hal_msp.o
                0x08000b3c                HAL_TIM_MspPostInit
 .text.HAL_UART_MspInit
                0x08000bfc      0x3d4 ./Core/Src/stm32f1xx_hal_msp.o
                0x08000bfc                HAL_UART_MspInit
 .text.NMI_Handler
                0x08000fd0        0x8 ./Core/Src/stm32f1xx_it.o
                0x08000fd0                NMI_Handler
 .text.HardFault_Handler
                0x08000fd8        0x8 ./Core/Src/stm32f1xx_it.o
                0x08000fd8                HardFault_Handler
 .text.MemManage_Handler
                0x08000fe0        0x8 ./Core/Src/stm32f1xx_it.o
                0x08000fe0                MemManage_Handler
 .text.BusFault_Handler
                0x08000fe8        0x8 ./Core/Src/stm32f1xx_it.o
                0x08000fe8                BusFault_Handler
 .text.UsageFault_Handler
                0x08000ff0        0x8 ./Core/Src/stm32f1xx_it.o
                0x08000ff0                UsageFault_Handler
 .text.SVC_Handler
                0x08000ff8        0xc ./Core/Src/stm32f1xx_it.o
                0x08000ff8                SVC_Handler
 .text.DebugMon_Handler
                0x08001004        0xc ./Core/Src/stm32f1xx_it.o
                0x08001004                DebugMon_Handler
 .text.PendSV_Handler
                0x08001010        0xc ./Core/Src/stm32f1xx_it.o
                0x08001010                PendSV_Handler
 .text.SysTick_Handler
                0x0800101c        0xc ./Core/Src/stm32f1xx_it.o
                0x0800101c                SysTick_Handler
 .text.RCC_IRQHandler
                0x08001028        0xc ./Core/Src/stm32f1xx_it.o
                0x08001028                RCC_IRQHandler
 .text.DMA1_Channel2_IRQHandler
                0x08001034       0x14 ./Core/Src/stm32f1xx_it.o
                0x08001034                DMA1_Channel2_IRQHandler
 .text.DMA1_Channel3_IRQHandler
                0x08001048       0x14 ./Core/Src/stm32f1xx_it.o
                0x08001048                DMA1_Channel3_IRQHandler
 .text.DMA1_Channel4_IRQHandler
                0x0800105c       0x14 ./Core/Src/stm32f1xx_it.o
                0x0800105c                DMA1_Channel4_IRQHandler
 .text.DMA1_Channel5_IRQHandler
                0x08001070       0x14 ./Core/Src/stm32f1xx_it.o
                0x08001070                DMA1_Channel5_IRQHandler
 .text.DMA1_Channel6_IRQHandler
                0x08001084       0x14 ./Core/Src/stm32f1xx_it.o
                0x08001084                DMA1_Channel6_IRQHandler
 .text.DMA1_Channel7_IRQHandler
                0x08001098       0x14 ./Core/Src/stm32f1xx_it.o
                0x08001098                DMA1_Channel7_IRQHandler
 .text.TIM4_IRQHandler
                0x080010ac       0x14 ./Core/Src/stm32f1xx_it.o
                0x080010ac                TIM4_IRQHandler
 .text.USART1_IRQHandler
                0x080010c0       0x14 ./Core/Src/stm32f1xx_it.o
                0x080010c0                USART1_IRQHandler
 .text.USART2_IRQHandler
                0x080010d4       0x14 ./Core/Src/stm32f1xx_it.o
                0x080010d4                USART2_IRQHandler
 .text.USART3_IRQHandler
                0x080010e8       0x14 ./Core/Src/stm32f1xx_it.o
                0x080010e8                USART3_IRQHandler
 .text.SystemInit
                0x080010fc        0xc ./Core/Src/system_stm32f1xx.o
                0x080010fc                SystemInit
 .text.Reset_Handler
                0x08001108       0x48 ./Core/Startup/startup_stm32f103c8tx.o
                0x08001108                Reset_Handler
 .text.Default_Handler
                0x08001150        0x2 ./Core/Startup/startup_stm32f103c8tx.o
                0x08001150                RTC_Alarm_IRQHandler
                0x08001150                EXTI2_IRQHandler
                0x08001150                TIM1_CC_IRQHandler
                0x08001150                PVD_IRQHandler
                0x08001150                EXTI3_IRQHandler
                0x08001150                EXTI0_IRQHandler
                0x08001150                I2C2_EV_IRQHandler
                0x08001150                ADC1_2_IRQHandler
                0x08001150                SPI1_IRQHandler
                0x08001150                TAMPER_IRQHandler
                0x08001150                RTC_IRQHandler
                0x08001150                CAN1_RX1_IRQHandler
                0x08001150                I2C1_EV_IRQHandler
                0x08001150                TIM3_IRQHandler
                0x08001150                TIM1_TRG_COM_IRQHandler
                0x08001150                DMA1_Channel1_IRQHandler
                0x08001150                Default_Handler
                0x08001150                EXTI15_10_IRQHandler
                0x08001150                EXTI9_5_IRQHandler
                0x08001150                SPI2_IRQHandler
                0x08001150                EXTI4_IRQHandler
                0x08001150                USB_LP_CAN1_RX0_IRQHandler
                0x08001150                USB_HP_CAN1_TX_IRQHandler
                0x08001150                TIM1_UP_IRQHandler
                0x08001150                WWDG_IRQHandler
                0x08001150                TIM2_IRQHandler
                0x08001150                TIM1_BRK_IRQHandler
                0x08001150                EXTI1_IRQHandler
                0x08001150                I2C2_ER_IRQHandler
                0x08001150                CAN1_SCE_IRQHandler
                0x08001150                FLASH_IRQHandler
                0x08001150                I2C1_ER_IRQHandler
                0x08001150                USBWakeUp_IRQHandler
 *fill*         0x08001152        0x2 
 .text.HAL_Init
                0x08001154       0x2c ./Drivers/STM32F1xx_HAL_Driver/Src/stm32f1xx_hal.o
                0x08001154                HAL_Init
 .text.HAL_InitTick
                0x08001180       0x60 ./Drivers/STM32F1xx_HAL_Driver/Src/stm32f1xx_hal.o
                0x08001180                HAL_InitTick
 .text.HAL_IncTick
                0x080011e0       0x24 ./Drivers/STM32F1xx_HAL_Driver/Src/stm32f1xx_hal.o
                0x080011e0                HAL_IncTick
 .text.HAL_GetTick
                0x08001204       0x14 ./Drivers/STM32F1xx_HAL_Driver/Src/stm32f1xx_hal.o
                0x08001204                HAL_GetTick
 .text.HAL_Delay
                0x08001218       0x48 ./Drivers/STM32F1xx_HAL_Driver/Src/stm32f1xx_hal.o
                0x08001218                HAL_Delay
 .text.HAL_ADC_Init
                0x08001260      0x1b0 ./Drivers/STM32F1xx_HAL_Driver/Src/stm32f1xx_hal_adc.o
                0x08001260                HAL_ADC_Init
 .text.HAL_ADC_ConfigChannel
                0x08001410      0x1f0 ./Drivers/STM32F1xx_HAL_Driver/Src/stm32f1xx_hal_adc.o
                0x08001410                HAL_ADC_ConfigChannel
 .text.ADC_ConversionStop_Disable
                0x08001600       0x82 ./Drivers/STM32F1xx_HAL_Driver/Src/stm32f1xx_hal_adc.o
                0x08001600                ADC_ConversionStop_Disable
 *fill*         0x08001682        0x2 
 .text.__NVIC_SetPriorityGrouping
                0x08001684       0x48 ./Drivers/STM32F1xx_HAL_Driver/Src/stm32f1xx_hal_cortex.o
 .text.__NVIC_GetPriorityGrouping
                0x080016cc       0x1c ./Drivers/STM32F1xx_HAL_Driver/Src/stm32f1xx_hal_cortex.o
 .text.__NVIC_EnableIRQ
                0x080016e8       0x38 ./Drivers/STM32F1xx_HAL_Driver/Src/stm32f1xx_hal_cortex.o
 .text.__NVIC_SetPriority
                0x08001720       0x54 ./Drivers/STM32F1xx_HAL_Driver/Src/stm32f1xx_hal_cortex.o
 .text.NVIC_EncodePriority
                0x08001774       0x64 ./Drivers/STM32F1xx_HAL_Driver/Src/stm32f1xx_hal_cortex.o
 .text.SysTick_Config
                0x080017d8       0x44 ./Drivers/STM32F1xx_HAL_Driver/Src/stm32f1xx_hal_cortex.o
 .text.HAL_NVIC_SetPriorityGrouping
                0x0800181c       0x16 ./Drivers/STM32F1xx_HAL_Driver/Src/stm32f1xx_hal_cortex.o
                0x0800181c                HAL_NVIC_SetPriorityGrouping
 .text.HAL_NVIC_SetPriority
                0x08001832       0x38 ./Drivers/STM32F1xx_HAL_Driver/Src/stm32f1xx_hal_cortex.o
                0x08001832                HAL_NVIC_SetPriority
 .text.HAL_NVIC_EnableIRQ
                0x0800186a       0x1c ./Drivers/STM32F1xx_HAL_Driver/Src/stm32f1xx_hal_cortex.o
                0x0800186a                HAL_NVIC_EnableIRQ
 .text.HAL_SYSTICK_Config
                0x08001886       0x18 ./Drivers/STM32F1xx_HAL_Driver/Src/stm32f1xx_hal_cortex.o
                0x08001886                HAL_SYSTICK_Config
 *fill*         0x0800189e        0x2 
 .text.HAL_DMA_Init
                0x080018a0       0xb4 ./Drivers/STM32F1xx_HAL_Driver/Src/stm32f1xx_hal_dma.o
                0x080018a0                HAL_DMA_Init
 .text.HAL_DMA_Abort
                0x08001954       0x76 ./Drivers/STM32F1xx_HAL_Driver/Src/stm32f1xx_hal_dma.o
                0x08001954                HAL_DMA_Abort
 *fill*         0x080019ca        0x2 
 .text.HAL_DMA_Abort_IT
                0x080019cc       0xf0 ./Drivers/STM32F1xx_HAL_Driver/Src/stm32f1xx_hal_dma.o
                0x080019cc                HAL_DMA_Abort_IT
 .text.HAL_DMA_IRQHandler
                0x08001abc      0x20c ./Drivers/STM32F1xx_HAL_Driver/Src/stm32f1xx_hal_dma.o
                0x08001abc                HAL_DMA_IRQHandler
 .text.HAL_GPIO_Init
                0x08001cc8      0x308 ./Drivers/STM32F1xx_HAL_Driver/Src/stm32f1xx_hal_gpio.o
                0x08001cc8                HAL_GPIO_Init
 .text.HAL_GPIO_ReadPin
                0x08001fd0       0x2e ./Drivers/STM32F1xx_HAL_Driver/Src/stm32f1xx_hal_gpio.o
                0x08001fd0                HAL_GPIO_ReadPin
 .text.HAL_GPIO_WritePin
                0x08001ffe       0x30 ./Drivers/STM32F1xx_HAL_Driver/Src/stm32f1xx_hal_gpio.o
                0x08001ffe                HAL_GPIO_WritePin
 *fill*         0x0800202e        0x2 
 .text.HAL_I2C_Init
                0x08002030      0x288 ./Drivers/STM32F1xx_HAL_Driver/Src/stm32f1xx_hal_i2c.o
                0x08002030                HAL_I2C_Init
 .text.HAL_RCC_OscConfig
                0x080022b8      0x504 ./Drivers/STM32F1xx_HAL_Driver/Src/stm32f1xx_hal_rcc.o
                0x080022b8                HAL_RCC_OscConfig
 .text.HAL_RCC_ClockConfig
                0x080027bc      0x1d4 ./Drivers/STM32F1xx_HAL_Driver/Src/stm32f1xx_hal_rcc.o
                0x080027bc                HAL_RCC_ClockConfig
 .text.HAL_RCC_GetSysClockFreq
                0x08002990       0xa8 ./Drivers/STM32F1xx_HAL_Driver/Src/stm32f1xx_hal_rcc.o
                0x08002990                HAL_RCC_GetSysClockFreq
 .text.HAL_RCC_GetHCLKFreq
                0x08002a38       0x14 ./Drivers/STM32F1xx_HAL_Driver/Src/stm32f1xx_hal_rcc.o
                0x08002a38                HAL_RCC_GetHCLKFreq
 .text.HAL_RCC_GetPCLK1Freq
                0x08002a4c       0x28 ./Drivers/STM32F1xx_HAL_Driver/Src/stm32f1xx_hal_rcc.o
                0x08002a4c                HAL_RCC_GetPCLK1Freq
 .text.HAL_RCC_GetPCLK2Freq
                0x08002a74       0x28 ./Drivers/STM32F1xx_HAL_Driver/Src/stm32f1xx_hal_rcc.o
                0x08002a74                HAL_RCC_GetPCLK2Freq
 .text.RCC_Delay
                0x08002a9c       0x3c ./Drivers/STM32F1xx_HAL_Driver/Src/stm32f1xx_hal_rcc.o
 .text.HAL_RCCEx_PeriphCLKConfig
                0x08002ad8      0x16c ./Drivers/STM32F1xx_HAL_Driver/Src/stm32f1xx_hal_rcc_ex.o
                0x08002ad8                HAL_RCCEx_PeriphCLKConfig
 .text.HAL_TIM_Base_Init
                0x08002c44       0x9e ./Drivers/STM32F1xx_HAL_Driver/Src/stm32f1xx_hal_tim.o
                0x08002c44                HAL_TIM_Base_Init
 .text.HAL_TIM_PWM_Init
                0x08002ce2       0x9e ./Drivers/STM32F1xx_HAL_Driver/Src/stm32f1xx_hal_tim.o
                0x08002ce2                HAL_TIM_PWM_Init
 .text.HAL_TIM_PWM_Start
                0x08002d80      0x144 ./Drivers/STM32F1xx_HAL_Driver/Src/stm32f1xx_hal_tim.o
                0x08002d80                HAL_TIM_PWM_Start
 .text.HAL_TIM_Encoder_Init
                0x08002ec4      0x144 ./Drivers/STM32F1xx_HAL_Driver/Src/stm32f1xx_hal_tim.o
                0x08002ec4                HAL_TIM_Encoder_Init
 .text.HAL_TIM_Encoder_Start
                0x08003008      0x11c ./Drivers/STM32F1xx_HAL_Driver/Src/stm32f1xx_hal_tim.o
                0x08003008                HAL_TIM_Encoder_Start
 .text.HAL_TIM_IRQHandler
                0x08003124      0x1e0 ./Drivers/STM32F1xx_HAL_Driver/Src/stm32f1xx_hal_tim.o
                0x08003124                HAL_TIM_IRQHandler
 .text.HAL_TIM_PWM_ConfigChannel
                0x08003304      0x184 ./Drivers/STM32F1xx_HAL_Driver/Src/stm32f1xx_hal_tim.o
                0x08003304                HAL_TIM_PWM_ConfigChannel
 .text.HAL_TIM_ConfigClockSource
                0x08003488      0x18e ./Drivers/STM32F1xx_HAL_Driver/Src/stm32f1xx_hal_tim.o
                0x08003488                HAL_TIM_ConfigClockSource
 .text.HAL_TIM_PeriodElapsedCallback
                0x08003616       0x12 ./Drivers/STM32F1xx_HAL_Driver/Src/stm32f1xx_hal_tim.o
                0x08003616                HAL_TIM_PeriodElapsedCallback
 .text.HAL_TIM_OC_DelayElapsedCallback
                0x08003628       0x12 ./Drivers/STM32F1xx_HAL_Driver/Src/stm32f1xx_hal_tim.o
                0x08003628                HAL_TIM_OC_DelayElapsedCallback
 .text.HAL_TIM_IC_CaptureCallback
                0x0800363a       0x12 ./Drivers/STM32F1xx_HAL_Driver/Src/stm32f1xx_hal_tim.o
                0x0800363a                HAL_TIM_IC_CaptureCallback
 .text.HAL_TIM_PWM_PulseFinishedCallback
                0x0800364c       0x12 ./Drivers/STM32F1xx_HAL_Driver/Src/stm32f1xx_hal_tim.o
                0x0800364c                HAL_TIM_PWM_PulseFinishedCallback
 .text.HAL_TIM_TriggerCallback
                0x0800365e       0x12 ./Drivers/STM32F1xx_HAL_Driver/Src/stm32f1xx_hal_tim.o
                0x0800365e                HAL_TIM_TriggerCallback
 .text.TIM_Base_SetConfig
                0x08003670       0xdc ./Drivers/STM32F1xx_HAL_Driver/Src/stm32f1xx_hal_tim.o
                0x08003670                TIM_Base_SetConfig
 .text.TIM_OC1_SetConfig
                0x0800374c       0xcc ./Drivers/STM32F1xx_HAL_Driver/Src/stm32f1xx_hal_tim.o
 .text.TIM_OC2_SetConfig
                0x08003818       0xd4 ./Drivers/STM32F1xx_HAL_Driver/Src/stm32f1xx_hal_tim.o
                0x08003818                TIM_OC2_SetConfig
 .text.TIM_OC3_SetConfig
                0x080038ec       0xd4 ./Drivers/STM32F1xx_HAL_Driver/Src/stm32f1xx_hal_tim.o
 .text.TIM_OC4_SetConfig
                0x080039c0       0x9c ./Drivers/STM32F1xx_HAL_Driver/Src/stm32f1xx_hal_tim.o
 .text.TIM_TI1_ConfigInputStage
                0x08003a5c       0x5c ./Drivers/STM32F1xx_HAL_Driver/Src/stm32f1xx_hal_tim.o
 .text.TIM_TI2_ConfigInputStage
                0x08003ab8       0x5e ./Drivers/STM32F1xx_HAL_Driver/Src/stm32f1xx_hal_tim.o
 .text.TIM_ITRx_SetConfig
                0x08003b16       0x34 ./Drivers/STM32F1xx_HAL_Driver/Src/stm32f1xx_hal_tim.o
 .text.TIM_ETR_SetConfig
                0x08003b4a       0x3e ./Drivers/STM32F1xx_HAL_Driver/Src/stm32f1xx_hal_tim.o
                0x08003b4a                TIM_ETR_SetConfig
 .text.TIM_CCxChannelCmd
                0x08003b88       0x48 ./Drivers/STM32F1xx_HAL_Driver/Src/stm32f1xx_hal_tim.o
                0x08003b88                TIM_CCxChannelCmd
 .text.HAL_TIMEx_MasterConfigSynchronization
                0x08003bd0       0xbc ./Drivers/STM32F1xx_HAL_Driver/Src/stm32f1xx_hal_tim_ex.o
                0x08003bd0                HAL_TIMEx_MasterConfigSynchronization
 .text.HAL_TIMEx_CommutCallback
                0x08003c8c       0x12 ./Drivers/STM32F1xx_HAL_Driver/Src/stm32f1xx_hal_tim_ex.o
                0x08003c8c                HAL_TIMEx_CommutCallback
 .text.HAL_TIMEx_BreakCallback
                0x08003c9e       0x12 ./Drivers/STM32F1xx_HAL_Driver/Src/stm32f1xx_hal_tim_ex.o
                0x08003c9e                HAL_TIMEx_BreakCallback
 .text.HAL_UART_Init
                0x08003cb0       0xa0 ./Drivers/STM32F1xx_HAL_Driver/Src/stm32f1xx_hal_uart.o
                0x08003cb0                HAL_UART_Init
 .text.HAL_UART_IRQHandler
                0x08003d50      0x524 ./Drivers/STM32F1xx_HAL_Driver/Src/stm32f1xx_hal_uart.o
                0x08003d50                HAL_UART_IRQHandler
 .text.HAL_UART_TxCpltCallback
                0x08004274       0x12 ./Drivers/STM32F1xx_HAL_Driver/Src/stm32f1xx_hal_uart.o
                0x08004274                HAL_UART_TxCpltCallback
 .text.HAL_UART_RxCpltCallback
                0x08004286       0x12 ./Drivers/STM32F1xx_HAL_Driver/Src/stm32f1xx_hal_uart.o
                0x08004286                HAL_UART_RxCpltCallback
 .text.HAL_UART_ErrorCallback
                0x08004298       0x12 ./Drivers/STM32F1xx_HAL_Driver/Src/stm32f1xx_hal_uart.o
                0x08004298                HAL_UART_ErrorCallback
 .text.HAL_UARTEx_RxEventCallback
                0x080042aa       0x16 ./Drivers/STM32F1xx_HAL_Driver/Src/stm32f1xx_hal_uart.o
                0x080042aa                HAL_UARTEx_RxEventCallback
 .text.UART_EndRxTransfer
                0x080042c0       0xc4 ./Drivers/STM32F1xx_HAL_Driver/Src/stm32f1xx_hal_uart.o
 .text.UART_DMAAbortOnError
                0x08004384       0x28 ./Drivers/STM32F1xx_HAL_Driver/Src/stm32f1xx_hal_uart.o
 .text.UART_Transmit_IT
                0x080043ac       0x9e ./Drivers/STM32F1xx_HAL_Driver/Src/stm32f1xx_hal_uart.o
 .text.UART_EndTransmit_IT
                0x0800444a       0x30 ./Drivers/STM32F1xx_HAL_Driver/Src/stm32f1xx_hal_uart.o
 .text.UART_Receive_IT
                0x0800447a      0x17c ./Drivers/STM32F1xx_HAL_Driver/Src/stm32f1xx_hal_uart.o
 *fill*         0x080045f6        0x2 
 .text.UART_SetConfig
                0x080045f8      0x11c ./Drivers/STM32F1xx_HAL_Driver/Src/stm32f1xx_hal_uart.o
 .text.memset   0x08004714       0x10 C:/ST/STM32CubeIDE_1.17.0/STM32CubeIDE/plugins/com.st.stm32cube.ide.mcu.externaltools.gnu-tools-for-stm32.12.3.rel1.win32_1.1.0.202410251130/tools/bin/../lib/gcc/arm-none-eabi/12.3.1/../../../../arm-none-eabi/lib/thumb/v7-m/nofp\libc_nano.a(libc_a-memset.o)
                0x08004714                memset
 .text.__libc_init_array
                0x08004724       0x48 C:/ST/STM32CubeIDE_1.17.0/STM32CubeIDE/plugins/com.st.stm32cube.ide.mcu.externaltools.gnu-tools-for-stm32.12.3.rel1.win32_1.1.0.202410251130/tools/bin/../lib/gcc/arm-none-eabi/12.3.1/../../../../arm-none-eabi/lib/thumb/v7-m/nofp\libc_nano.a(libc_a-init.o)
                0x08004724                __libc_init_array
 *(.glue_7)
 .glue_7        0x0800476c        0x0 linker stubs
 *(.glue_7t)
 .glue_7t       0x0800476c        0x0 linker stubs
 *(.eh_frame)
 .eh_frame      0x0800476c        0x0 C:/ST/STM32CubeIDE_1.17.0/STM32CubeIDE/plugins/com.st.stm32cube.ide.mcu.externaltools.gnu-tools-for-stm32.12.3.rel1.win32_1.1.0.202410251130/tools/bin/../lib/gcc/arm-none-eabi/12.3.1/thumb/v7-m/nofp/crtbegin.o
 *(.init)
 .init          0x0800476c        0x4 C:/ST/STM32CubeIDE_1.17.0/STM32CubeIDE/plugins/com.st.stm32cube.ide.mcu.externaltools.gnu-tools-for-stm32.12.3.rel1.win32_1.1.0.202410251130/tools/bin/../lib/gcc/arm-none-eabi/12.3.1/thumb/v7-m/nofp/crti.o
                0x0800476c                _init
 .init          0x08004770        0x8 C:/ST/STM32CubeIDE_1.17.0/STM32CubeIDE/plugins/com.st.stm32cube.ide.mcu.externaltools.gnu-tools-for-stm32.12.3.rel1.win32_1.1.0.202410251130/tools/bin/../lib/gcc/arm-none-eabi/12.3.1/thumb/v7-m/nofp/crtn.o
 *(.fini)
 .fini          0x08004778        0x4 C:/ST/STM32CubeIDE_1.17.0/STM32CubeIDE/plugins/com.st.stm32cube.ide.mcu.externaltools.gnu-tools-for-stm32.12.3.rel1.win32_1.1.0.202410251130/tools/bin/../lib/gcc/arm-none-eabi/12.3.1/thumb/v7-m/nofp/crti.o
                0x08004778                _fini
 .fini          0x0800477c        0x8 C:/ST/STM32CubeIDE_1.17.0/STM32CubeIDE/plugins/com.st.stm32cube.ide.mcu.externaltools.gnu-tools-for-stm32.12.3.rel1.win32_1.1.0.202410251130/tools/bin/../lib/gcc/arm-none-eabi/12.3.1/thumb/v7-m/nofp/crtn.o
                0x08004784                        . = ALIGN (0x4)
                0x08004784                        _etext = .

.vfp11_veneer   0x08004784        0x0
 .vfp11_veneer  0x08004784        0x0 linker stubs

.v4_bx          0x08004784        0x0
 .v4_bx         0x08004784        0x0 linker stubs

.iplt           0x08004784        0x0
 .iplt          0x08004784        0x0 C:/ST/STM32CubeIDE_1.17.0/STM32CubeIDE/plugins/com.st.stm32cube.ide.mcu.externaltools.gnu-tools-for-stm32.12.3.rel1.win32_1.1.0.202410251130/tools/bin/../lib/gcc/arm-none-eabi/12.3.1/thumb/v7-m/nofp/crtbegin.o

.rodata         0x08004784       0x2c
                0x08004784                        . = ALIGN (0x4)
 *(.rodata)
 *(.rodata*)
 .rodata.AHBPrescTable
                0x08004784       0x10 ./Core/Src/system_stm32f1xx.o
                0x08004784                AHBPrescTable
 .rodata.APBPrescTable
                0x08004794        0x8 ./Core/Src/system_stm32f1xx.o
                0x08004794                APBPrescTable
 .rodata.aPLLMULFactorTable.1
                0x0800479c       0x10 ./Drivers/STM32F1xx_HAL_Driver/Src/stm32f1xx_hal_rcc.o
 .rodata.aPredivFactorTable.0
                0x080047ac        0x2 ./Drivers/STM32F1xx_HAL_Driver/Src/stm32f1xx_hal_rcc.o
                0x080047b0                        . = ALIGN (0x4)
 *fill*         0x080047ae        0x2 

.ARM.extab      0x080047b0        0x0
                0x080047b0                        . = ALIGN (0x4)
 *(.ARM.extab* .gnu.linkonce.armextab.*)
                0x080047b0                        . = ALIGN (0x4)

.ARM            0x080047b0        0x0
                0x080047b0                        . = ALIGN (0x4)
                0x080047b0                        __exidx_start = .
 *(.ARM.exidx*)
                0x080047b0                        __exidx_end = .
                0x080047b0                        . = ALIGN (0x4)

.preinit_array  0x080047b0        0x0
                0x080047b0                        . = ALIGN (0x4)
                0x080047b0                        PROVIDE (__preinit_array_start = .)
 *(.preinit_array*)
                0x080047b0                        PROVIDE (__preinit_array_end = .)
                0x080047b0                        . = ALIGN (0x4)

.init_array     0x080047b0        0x4
                0x080047b0                        . = ALIGN (0x4)
                0x080047b0                        PROVIDE (__init_array_start = .)
 *(SORT_BY_NAME(.init_array.*))
 *(.init_array*)
 .init_array    0x080047b0        0x4 C:/ST/STM32CubeIDE_1.17.0/STM32CubeIDE/plugins/com.st.stm32cube.ide.mcu.externaltools.gnu-tools-for-stm32.12.3.rel1.win32_1.1.0.202410251130/tools/bin/../lib/gcc/arm-none-eabi/12.3.1/thumb/v7-m/nofp/crtbegin.o
                0x080047b4                        PROVIDE (__init_array_end = .)
                0x080047b4                        . = ALIGN (0x4)

.fini_array     0x080047b4        0x4
                0x080047b4                        . = ALIGN (0x4)
                [!provide]                        PROVIDE (__fini_array_start = .)
 *(SORT_BY_NAME(.fini_array.*))
 *(.fini_array*)
 .fini_array    0x080047b4        0x4 C:/ST/STM32CubeIDE_1.17.0/STM32CubeIDE/plugins/com.st.stm32cube.ide.mcu.externaltools.gnu-tools-for-stm32.12.3.rel1.win32_1.1.0.202410251130/tools/bin/../lib/gcc/arm-none-eabi/12.3.1/thumb/v7-m/nofp/crtbegin.o
                [!provide]                        PROVIDE (__fini_array_end = .)
                0x080047b8                        . = ALIGN (0x4)
                0x080047b8                        _sidata = LOADADDR (.data)

.rel.dyn        0x080047b8        0x0
 .rel.iplt      0x080047b8        0x0 C:/ST/STM32CubeIDE_1.17.0/STM32CubeIDE/plugins/com.st.stm32cube.ide.mcu.externaltools.gnu-tools-for-stm32.12.3.rel1.win32_1.1.0.202410251130/tools/bin/../lib/gcc/arm-none-eabi/12.3.1/thumb/v7-m/nofp/crtbegin.o

.data           0x20000000       0x10 load address 0x080047b8
                0x20000000                        . = ALIGN (0x4)
                0x20000000                        _sdata = .
 *(.data)
 *(.data*)
 .data.lim_sw1_stat
                0x20000000        0x2 ./Core/Src/main.o
                0x20000000                lim_sw1_stat
 .data.lim_sw2_stat
                0x20000002        0x2 ./Core/Src/main.o
                0x20000002                lim_sw2_stat
 .data.SystemCoreClock
                0x20000004        0x4 ./Core/Src/system_stm32f1xx.o
                0x20000004                SystemCoreClock
 .data.uwTickPrio
                0x20000008        0x4 ./Drivers/STM32F1xx_HAL_Driver/Src/stm32f1xx_hal.o
                0x20000008                uwTickPrio
 .data.uwTickFreq
                0x2000000c        0x1 ./Drivers/STM32F1xx_HAL_Driver/Src/stm32f1xx_hal.o
                0x2000000c                uwTickFreq
 *(.RamFunc)
 *(.RamFunc*)
                0x20000010                        . = ALIGN (0x4)
 *fill*         0x2000000d        0x3 
                0x20000010                        _edata = .

.igot.plt       0x20000010        0x0 load address 0x080047c8
 .igot.plt      0x20000010        0x0 C:/ST/STM32CubeIDE_1.17.0/STM32CubeIDE/plugins/com.st.stm32cube.ide.mcu.externaltools.gnu-tools-for-stm32.12.3.rel1.win32_1.1.0.202410251130/tools/bin/../lib/gcc/arm-none-eabi/12.3.1/thumb/v7-m/nofp/crtbegin.o
                0x20000010                        . = ALIGN (0x4)

.bss            0x20000010      0x3f0 load address 0x080047c8
                0x20000010                        _sbss = .
                0x20000010                        __bss_start__ = _sbss
 *(.bss)
 .bss           0x20000010       0x1c C:/ST/STM32CubeIDE_1.17.0/STM32CubeIDE/plugins/com.st.stm32cube.ide.mcu.externaltools.gnu-tools-for-stm32.12.3.rel1.win32_1.1.0.202410251130/tools/bin/../lib/gcc/arm-none-eabi/12.3.1/thumb/v7-m/nofp/crtbegin.o
 *(.bss*)
 .bss.test_var  0x2000002c        0x2 ./Core/Src/control.o
                0x2000002c                test_var
 *fill*         0x2000002e        0x2 
 .bss.hadc1     0x20000030       0x30 ./Core/Src/main.o
                0x20000030                hadc1
 .bss.hi2c1     0x20000060       0x54 ./Core/Src/main.o
                0x20000060                hi2c1
 .bss.htim1     0x200000b4       0x48 ./Core/Src/main.o
                0x200000b4                htim1
 .bss.htim2     0x200000fc       0x48 ./Core/Src/main.o
                0x200000fc                htim2
 .bss.htim4     0x20000144       0x48 ./Core/Src/main.o
                0x20000144                htim4
 .bss.huart1    0x2000018c       0x48 ./Core/Src/main.o
                0x2000018c                huart1
 .bss.huart2    0x200001d4       0x48 ./Core/Src/main.o
                0x200001d4                huart2
 .bss.huart3    0x2000021c       0x48 ./Core/Src/main.o
                0x2000021c                huart3
 .bss.hdma_usart1_rx
                0x20000264       0x44 ./Core/Src/main.o
                0x20000264                hdma_usart1_rx
 .bss.hdma_usart1_tx
                0x200002a8       0x44 ./Core/Src/main.o
                0x200002a8                hdma_usart1_tx
 .bss.hdma_usart2_rx
                0x200002ec       0x44 ./Core/Src/main.o
                0x200002ec                hdma_usart2_rx
 .bss.hdma_usart2_tx
                0x20000330       0x44 ./Core/Src/main.o
                0x20000330                hdma_usart2_tx
 .bss.hdma_usart3_rx
                0x20000374       0x44 ./Core/Src/main.o
                0x20000374                hdma_usart3_rx
 .bss.hdma_usart3_tx
                0x200003b8       0x44 ./Core/Src/main.o
                0x200003b8                hdma_usart3_tx
 .bss.uwTick    0x200003fc        0x4 ./Drivers/STM32F1xx_HAL_Driver/Src/stm32f1xx_hal.o
                0x200003fc                uwTick
 *(COMMON)
                0x20000400                        . = ALIGN (0x4)
                0x20000400                        _ebss = .
                0x20000400                        __bss_end__ = _ebss

._user_heap_stack
                0x20000400      0x600 load address 0x080047c8
                0x20000400                        . = ALIGN (0x8)
                [!provide]                        PROVIDE (end = .)
                0x20000400                        PROVIDE (_end = .)
                0x20000600                        . = (. + _Min_Heap_Size)
 *fill*         0x20000400      0x200 
                0x20000a00                        . = (. + _Min_Stack_Size)
 *fill*         0x20000600      0x400 
                0x20000a00                        . = ALIGN (0x8)

/DISCARD/
 libc.a(*)
 libm.a(*)
 libgcc.a(*)

.ARM.attributes
                0x00000000       0x29
 *(.ARM.attributes)
 .ARM.attributes
                0x00000000       0x1d C:/ST/STM32CubeIDE_1.17.0/STM32CubeIDE/plugins/com.st.stm32cube.ide.mcu.externaltools.gnu-tools-for-stm32.12.3.rel1.win32_1.1.0.202410251130/tools/bin/../lib/gcc/arm-none-eabi/12.3.1/thumb/v7-m/nofp/crti.o
 .ARM.attributes
                0x0000001d       0x2d C:/ST/STM32CubeIDE_1.17.0/STM32CubeIDE/plugins/com.st.stm32cube.ide.mcu.externaltools.gnu-tools-for-stm32.12.3.rel1.win32_1.1.0.202410251130/tools/bin/../lib/gcc/arm-none-eabi/12.3.1/thumb/v7-m/nofp/crtbegin.o
 .ARM.attributes
                0x0000004a       0x2d ./Core/Src/control.o
 .ARM.attributes
                0x00000077       0x2d ./Core/Src/main.o
 .ARM.attributes
                0x000000a4       0x2d ./Core/Src/stm32f1xx_hal_msp.o
 .ARM.attributes
                0x000000d1       0x2d ./Core/Src/stm32f1xx_it.o
 .ARM.attributes
                0x000000fe       0x2d ./Core/Src/system_stm32f1xx.o
 .ARM.attributes
                0x0000012b       0x21 ./Core/Startup/startup_stm32f103c8tx.o
 .ARM.attributes
                0x0000014c       0x2d ./Drivers/STM32F1xx_HAL_Driver/Src/stm32f1xx_hal.o
 .ARM.attributes
                0x00000179       0x2d ./Drivers/STM32F1xx_HAL_Driver/Src/stm32f1xx_hal_adc.o
 .ARM.attributes
                0x000001a6       0x2d ./Drivers/STM32F1xx_HAL_Driver/Src/stm32f1xx_hal_cortex.o
 .ARM.attributes
                0x000001d3       0x2d ./Drivers/STM32F1xx_HAL_Driver/Src/stm32f1xx_hal_dma.o
 .ARM.attributes
                0x00000200       0x2d ./Drivers/STM32F1xx_HAL_Driver/Src/stm32f1xx_hal_gpio.o
 .ARM.attributes
                0x0000022d       0x2d ./Drivers/STM32F1xx_HAL_Driver/Src/stm32f1xx_hal_i2c.o
 .ARM.attributes
                0x0000025a       0x2d ./Drivers/STM32F1xx_HAL_Driver/Src/stm32f1xx_hal_rcc.o
 .ARM.attributes
                0x00000287       0x2d ./Drivers/STM32F1xx_HAL_Driver/Src/stm32f1xx_hal_rcc_ex.o
 .ARM.attributes
                0x000002b4       0x2d ./Drivers/STM32F1xx_HAL_Driver/Src/stm32f1xx_hal_tim.o
 .ARM.attributes
                0x000002e1       0x2d ./Drivers/STM32F1xx_HAL_Driver/Src/stm32f1xx_hal_tim_ex.o
 .ARM.attributes
                0x0000030e       0x2d ./Drivers/STM32F1xx_HAL_Driver/Src/stm32f1xx_hal_uart.o
 .ARM.attributes
                0x0000033b       0x2d C:/ST/STM32CubeIDE_1.17.0/STM32CubeIDE/plugins/com.st.stm32cube.ide.mcu.externaltools.gnu-tools-for-stm32.12.3.rel1.win32_1.1.0.202410251130/tools/bin/../lib/gcc/arm-none-eabi/12.3.1/../../../../arm-none-eabi/lib/thumb/v7-m/nofp\libc_nano.a(libc_a-memset.o)
 .ARM.attributes
                0x00000368       0x2d C:/ST/STM32CubeIDE_1.17.0/STM32CubeIDE/plugins/com.st.stm32cube.ide.mcu.externaltools.gnu-tools-for-stm32.12.3.rel1.win32_1.1.0.202410251130/tools/bin/../lib/gcc/arm-none-eabi/12.3.1/../../../../arm-none-eabi/lib/thumb/v7-m/nofp\libc_nano.a(libc_a-init.o)
 .ARM.attributes
                0x00000395       0x1d C:/ST/STM32CubeIDE_1.17.0/STM32CubeIDE/plugins/com.st.stm32cube.ide.mcu.externaltools.gnu-tools-for-stm32.12.3.rel1.win32_1.1.0.202410251130/tools/bin/../lib/gcc/arm-none-eabi/12.3.1/thumb/v7-m/nofp/crtn.o
OUTPUT(ta_water_monitoring.elf elf32-littlearm)
LOAD linker stubs
LOAD C:/ST/STM32CubeIDE_1.17.0/STM32CubeIDE/plugins/com.st.stm32cube.ide.mcu.externaltools.gnu-tools-for-stm32.12.3.rel1.win32_1.1.0.202410251130/tools/bin/../lib/gcc/arm-none-eabi/12.3.1/../../../../arm-none-eabi/lib/thumb/v7-m/nofp\libc.a
LOAD C:/ST/STM32CubeIDE_1.17.0/STM32CubeIDE/plugins/com.st.stm32cube.ide.mcu.externaltools.gnu-tools-for-stm32.12.3.rel1.win32_1.1.0.202410251130/tools/bin/../lib/gcc/arm-none-eabi/12.3.1/../../../../arm-none-eabi/lib/thumb/v7-m/nofp\libm.a
LOAD C:/ST/STM32CubeIDE_1.17.0/STM32CubeIDE/plugins/com.st.stm32cube.ide.mcu.externaltools.gnu-tools-for-stm32.12.3.rel1.win32_1.1.0.202410251130/tools/bin/../lib/gcc/arm-none-eabi/12.3.1/thumb/v7-m/nofp\libgcc.a

.debug_info     0x00000000    0x105fd
 .debug_info    0x00000000       0x9f ./Core/Src/control.o
 .debug_info    0x0000009f     0x1ac5 ./Core/Src/main.o
 .debug_info    0x00001b64     0x15f3 ./Core/Src/stm32f1xx_hal_msp.o
 .debug_info    0x00003157      0xa62 ./Core/Src/stm32f1xx_it.o
 .debug_info    0x00003bb9      0x222 ./Core/Src/system_stm32f1xx.o
 .debug_info    0x00003ddb       0x30 ./Core/Startup/startup_stm32f103c8tx.o
 .debug_info    0x00003e0b      0x704 ./Drivers/STM32F1xx_HAL_Driver/Src/stm32f1xx_hal.o
 .debug_info    0x0000450f      0xc50 ./Drivers/STM32F1xx_HAL_Driver/Src/stm32f1xx_hal_adc.o
 .debug_info    0x0000515f      0xa87 ./Drivers/STM32F1xx_HAL_Driver/Src/stm32f1xx_hal_cortex.o
 .debug_info    0x00005be6      0x6d2 ./Drivers/STM32F1xx_HAL_Driver/Src/stm32f1xx_hal_dma.o
 .debug_info    0x000062b8      0x5ab ./Drivers/STM32F1xx_HAL_Driver/Src/stm32f1xx_hal_gpio.o
 .debug_info    0x00006863     0x2524 ./Drivers/STM32F1xx_HAL_Driver/Src/stm32f1xx_hal_i2c.o
 .debug_info    0x00008d87      0x7d5 ./Drivers/STM32F1xx_HAL_Driver/Src/stm32f1xx_hal_rcc.o
 .debug_info    0x0000955c      0x3c0 ./Drivers/STM32F1xx_HAL_Driver/Src/stm32f1xx_hal_rcc_ex.o
 .debug_info    0x0000991c     0x2959 ./Drivers/STM32F1xx_HAL_Driver/Src/stm32f1xx_hal_tim.o
 .debug_info    0x0000c275     0x149b ./Drivers/STM32F1xx_HAL_Driver/Src/stm32f1xx_hal_tim_ex.o
 .debug_info    0x0000d710     0x2eed ./Drivers/STM32F1xx_HAL_Driver/Src/stm32f1xx_hal_uart.o

.debug_abbrev   0x00000000     0x2283
 .debug_abbrev  0x00000000       0x4a ./Core/Src/control.o
 .debug_abbrev  0x0000004a      0x2e2 ./Core/Src/main.o
 .debug_abbrev  0x0000032c      0x27c ./Core/Src/stm32f1xx_hal_msp.o
 .debug_abbrev  0x000005a8      0x1b6 ./Core/Src/stm32f1xx_it.o
 .debug_abbrev  0x0000075e      0x13f ./Core/Src/system_stm32f1xx.o
 .debug_abbrev  0x0000089d       0x24 ./Core/Startup/startup_stm32f103c8tx.o
 .debug_abbrev  0x000008c1      0x201 ./Drivers/STM32F1xx_HAL_Driver/Src/stm32f1xx_hal.o
 .debug_abbrev  0x00000ac2      0x225 ./Drivers/STM32F1xx_HAL_Driver/Src/stm32f1xx_hal_adc.o
 .debug_abbrev  0x00000ce7      0x2f8 ./Drivers/STM32F1xx_HAL_Driver/Src/stm32f1xx_hal_cortex.o
 .debug_abbrev  0x00000fdf      0x20b ./Drivers/STM32F1xx_HAL_Driver/Src/stm32f1xx_hal_dma.o
 .debug_abbrev  0x000011ea      0x1ca ./Drivers/STM32F1xx_HAL_Driver/Src/stm32f1xx_hal_gpio.o
 .debug_abbrev  0x000013b4      0x2a3 ./Drivers/STM32F1xx_HAL_Driver/Src/stm32f1xx_hal_i2c.o
 .debug_abbrev  0x00001657      0x2b3 ./Drivers/STM32F1xx_HAL_Driver/Src/stm32f1xx_hal_rcc.o
 .debug_abbrev  0x0000190a      0x188 ./Drivers/STM32F1xx_HAL_Driver/Src/stm32f1xx_hal_rcc_ex.o
 .debug_abbrev  0x00001a92      0x277 ./Drivers/STM32F1xx_HAL_Driver/Src/stm32f1xx_hal_tim.o
 .debug_abbrev  0x00001d09      0x282 ./Drivers/STM32F1xx_HAL_Driver/Src/stm32f1xx_hal_tim_ex.o
 .debug_abbrev  0x00001f8b      0x2f8 ./Drivers/STM32F1xx_HAL_Driver/Src/stm32f1xx_hal_uart.o

.debug_aranges  0x00000000     0x1080
 .debug_aranges
                0x00000000       0x18 ./Core/Src/control.o
 .debug_aranges
                0x00000018       0x88 ./Core/Src/main.o
 .debug_aranges
                0x000000a0       0x88 ./Core/Src/stm32f1xx_hal_msp.o
 .debug_aranges
                0x00000128       0xb8 ./Core/Src/stm32f1xx_it.o
 .debug_aranges
                0x000001e0       0x28 ./Core/Src/system_stm32f1xx.o
 .debug_aranges
                0x00000208       0x28 ./Core/Startup/startup_stm32f103c8tx.o
 .debug_aranges
                0x00000230       0xe0 ./Drivers/STM32F1xx_HAL_Driver/Src/stm32f1xx_hal.o
 .debug_aranges
                0x00000310       0xf0 ./Drivers/STM32F1xx_HAL_Driver/Src/stm32f1xx_hal_adc.o
 .debug_aranges
                0x00000400      0x100 ./Drivers/STM32F1xx_HAL_Driver/Src/stm32f1xx_hal_cortex.o
 .debug_aranges
                0x00000500       0x80 ./Drivers/STM32F1xx_HAL_Driver/Src/stm32f1xx_hal_dma.o
 .debug_aranges
                0x00000580       0x58 ./Drivers/STM32F1xx_HAL_Driver/Src/stm32f1xx_hal_gpio.o
 .debug_aranges
                0x000005d8      0x2a8 ./Drivers/STM32F1xx_HAL_Driver/Src/stm32f1xx_hal_i2c.o
 .debug_aranges
                0x00000880       0x90 ./Drivers/STM32F1xx_HAL_Driver/Src/stm32f1xx_hal_rcc.o
 .debug_aranges
                0x00000910       0x30 ./Drivers/STM32F1xx_HAL_Driver/Src/stm32f1xx_hal_rcc_ex.o
 .debug_aranges
                0x00000940      0x3d0 ./Drivers/STM32F1xx_HAL_Driver/Src/stm32f1xx_hal_tim.o
 .debug_aranges
                0x00000d10      0x168 ./Drivers/STM32F1xx_HAL_Driver/Src/stm32f1xx_hal_tim_ex.o
 .debug_aranges
                0x00000e78      0x208 ./Drivers/STM32F1xx_HAL_Driver/Src/stm32f1xx_hal_uart.o

.debug_macro    0x00000000    0x18ed1
 .debug_macro   0x00000000      0x324 ./Core/Src/control.o
 .debug_macro   0x00000324      0xaa8 ./Core/Src/control.o
 .debug_macro   0x00000dcc      0x22d ./Core/Src/control.o
 .debug_macro   0x00000ff9       0x2e ./Core/Src/control.o
 .debug_macro   0x00001027       0x22 ./Core/Src/control.o
 .debug_macro   0x00001049       0x22 ./Core/Src/control.o
 .debug_macro   0x0000106b       0x8e ./Core/Src/control.o
 .debug_macro   0x000010f9       0x51 ./Core/Src/control.o
 .debug_macro   0x0000114a      0x103 ./Core/Src/control.o
 .debug_macro   0x0000124d       0x6a ./Core/Src/control.o
 .debug_macro   0x000012b7      0x1df ./Core/Src/control.o
 .debug_macro   0x00001496       0x1c ./Core/Src/control.o
 .debug_macro   0x000014b2       0x22 ./Core/Src/control.o
 .debug_macro   0x000014d4       0xbd ./Core/Src/control.o
 .debug_macro   0x00001591      0xd23 ./Core/Src/control.o
 .debug_macro   0x000022b4     0xe09e ./Core/Src/control.o
 .debug_macro   0x00010352       0x6d ./Core/Src/control.o
 .debug_macro   0x000103bf     0x34a2 ./Core/Src/control.o
 .debug_macro   0x00013861      0x189 ./Core/Src/control.o
 .debug_macro   0x000139ea       0x5c ./Core/Src/control.o
 .debug_macro   0x00013a46      0x5bc ./Core/Src/control.o
 .debug_macro   0x00014002      0x289 ./Core/Src/control.o
 .debug_macro   0x0001428b      0x1cb ./Core/Src/control.o
 .debug_macro   0x00014456      0x114 ./Core/Src/control.o
 .debug_macro   0x0001456a      0x1b2 ./Core/Src/control.o
 .debug_macro   0x0001471c       0x27 ./Core/Src/control.o
 .debug_macro   0x00014743      0x136 ./Core/Src/control.o
 .debug_macro   0x00014879      0x1bc ./Core/Src/control.o
 .debug_macro   0x00014a35       0x34 ./Core/Src/control.o
 .debug_macro   0x00014a69       0x3c ./Core/Src/control.o
 .debug_macro   0x00014aa5       0x57 ./Core/Src/control.o
 .debug_macro   0x00014afc      0x46a ./Core/Src/control.o
 .debug_macro   0x00014f66      0x1b5 ./Core/Src/control.o
 .debug_macro   0x0001511b       0x87 ./Core/Src/control.o
 .debug_macro   0x000151a2      0x240 ./Core/Src/control.o
 .debug_macro   0x000153e2      0x287 ./Core/Src/control.o
 .debug_macro   0x00015669      0x140 ./Core/Src/control.o
 .debug_macro   0x000157a9      0x8ed ./Core/Src/control.o
 .debug_macro   0x00016096      0x28e ./Core/Src/control.o
 .debug_macro   0x00016324       0x83 ./Core/Src/control.o
 .debug_macro   0x000163a7       0x61 ./Core/Src/control.o
 .debug_macro   0x00016408       0x24 ./Core/Src/control.o
 .debug_macro   0x0001642c       0x43 ./Core/Src/control.o
 .debug_macro   0x0001646f       0x34 ./Core/Src/control.o
 .debug_macro   0x000164a3       0x16 ./Core/Src/control.o
 .debug_macro   0x000164b9       0x35 ./Core/Src/control.o
 .debug_macro   0x000164ee      0x369 ./Core/Src/control.o
 .debug_macro   0x00016857       0x10 ./Core/Src/control.o
 .debug_macro   0x00016867       0x16 ./Core/Src/control.o
 .debug_macro   0x0001687d       0x43 ./Core/Src/control.o
 .debug_macro   0x000168c0       0x34 ./Core/Src/control.o
 .debug_macro   0x000168f4       0x10 ./Core/Src/control.o
 .debug_macro   0x00016904       0x58 ./Core/Src/control.o
 .debug_macro   0x0001695c       0x8e ./Core/Src/control.o
 .debug_macro   0x000169ea       0x1c ./Core/Src/control.o
 .debug_macro   0x00016a06      0x177 ./Core/Src/control.o
 .debug_macro   0x00016b7d       0x16 ./Core/Src/control.o
 .debug_macro   0x00016b93       0x16 ./Core/Src/control.o
 .debug_macro   0x00016ba9      0x146 ./Core/Src/control.o
 .debug_macro   0x00016cef       0x16 ./Core/Src/control.o
 .debug_macro   0x00016d05       0x16 ./Core/Src/control.o
 .debug_macro   0x00016d1b       0x29 ./Core/Src/control.o
 .debug_macro   0x00016d44       0x16 ./Core/Src/control.o
 .debug_macro   0x00016d5a       0x20 ./Core/Src/control.o
 .debug_macro   0x00016d7a      0x19b ./Core/Src/control.o
 .debug_macro   0x00016f15      0x364 ./Core/Src/main.o
 .debug_macro   0x00017279      0x31a ./Core/Src/stm32f1xx_hal_msp.o
 .debug_macro   0x00017593      0x324 ./Core/Src/stm32f1xx_it.o
 .debug_macro   0x000178b7      0x1c1 ./Core/Src/system_stm32f1xx.o
 .debug_macro   0x00017a78      0x1e5 ./Drivers/STM32F1xx_HAL_Driver/Src/stm32f1xx_hal.o
 .debug_macro   0x00017c5d      0x1de ./Drivers/STM32F1xx_HAL_Driver/Src/stm32f1xx_hal_adc.o
 .debug_macro   0x00017e3b      0x1c1 ./Drivers/STM32F1xx_HAL_Driver/Src/stm32f1xx_hal_cortex.o
 .debug_macro   0x00017ffc      0x1c1 ./Drivers/STM32F1xx_HAL_Driver/Src/stm32f1xx_hal_dma.o
 .debug_macro   0x000181bd      0x22c ./Drivers/STM32F1xx_HAL_Driver/Src/stm32f1xx_hal_gpio.o
 .debug_macro   0x000183e9      0x20f ./Drivers/STM32F1xx_HAL_Driver/Src/stm32f1xx_hal_i2c.o
 .debug_macro   0x000185f8      0x1d3 ./Drivers/STM32F1xx_HAL_Driver/Src/stm32f1xx_hal_rcc.o
 .debug_macro   0x000187cb      0x1c1 ./Drivers/STM32F1xx_HAL_Driver/Src/stm32f1xx_hal_rcc_ex.o
 .debug_macro   0x0001898c      0x1c2 ./Drivers/STM32F1xx_HAL_Driver/Src/stm32f1xx_hal_tim.o
 .debug_macro   0x00018b4e      0x1c1 ./Drivers/STM32F1xx_HAL_Driver/Src/stm32f1xx_hal_tim_ex.o
 .debug_macro   0x00018d0f      0x1c2 ./Drivers/STM32F1xx_HAL_Driver/Src/stm32f1xx_hal_uart.o

.debug_line     0x00000000    0x13ed9
 .debug_line    0x00000000      0x8e0 ./Core/Src/control.o
 .debug_line    0x000008e0      0xce6 ./Core/Src/main.o
 .debug_line    0x000015c6      0xc2f ./Core/Src/stm32f1xx_hal_msp.o
 .debug_line    0x000021f5      0xabb ./Core/Src/stm32f1xx_it.o
 .debug_line    0x00002cb0      0x7c3 ./Core/Src/system_stm32f1xx.o
 .debug_line    0x00003473       0x78 ./Core/Startup/startup_stm32f103c8tx.o
 .debug_line    0x000034eb      0x9f0 ./Drivers/STM32F1xx_HAL_Driver/Src/stm32f1xx_hal.o
 .debug_line    0x00003edb     0x106d ./Drivers/STM32F1xx_HAL_Driver/Src/stm32f1xx_hal_adc.o
 .debug_line    0x00004f48      0xbdc ./Drivers/STM32F1xx_HAL_Driver/Src/stm32f1xx_hal_cortex.o
 .debug_line    0x00005b24      0xe49 ./Drivers/STM32F1xx_HAL_Driver/Src/stm32f1xx_hal_dma.o
 .debug_line    0x0000696d      0xa89 ./Drivers/STM32F1xx_HAL_Driver/Src/stm32f1xx_hal_gpio.o
 .debug_line    0x000073f6     0x3c8d ./Drivers/STM32F1xx_HAL_Driver/Src/stm32f1xx_hal_i2c.o
 .debug_line    0x0000b083      0xdf9 ./Drivers/STM32F1xx_HAL_Driver/Src/stm32f1xx_hal_rcc.o
 .debug_line    0x0000be7c      0x93a ./Drivers/STM32F1xx_HAL_Driver/Src/stm32f1xx_hal_rcc_ex.o
 .debug_line    0x0000c7b6     0x3515 ./Drivers/STM32F1xx_HAL_Driver/Src/stm32f1xx_hal_tim.o
 .debug_line    0x0000fccb     0x193f ./Drivers/STM32F1xx_HAL_Driver/Src/stm32f1xx_hal_tim_ex.o
 .debug_line    0x0001160a     0x28cf ./Drivers/STM32F1xx_HAL_Driver/Src/stm32f1xx_hal_uart.o

.debug_str      0x00000000    0x922d3
 .debug_str     0x00000000    0x8d667 ./Core/Src/control.o
                              0x8d9ac (size before relaxing)
 .debug_str     0x0008d667     0x14ba ./Core/Src/main.o
                              0x8f048 (size before relaxing)
 .debug_str     0x0008eb21      0x1bf ./Core/Src/stm32f1xx_hal_msp.o
                              0x8ea17 (size before relaxing)
 .debug_str     0x0008ece0      0x1ee ./Core/Src/stm32f1xx_it.o
                              0x8e2cb (size before relaxing)
 .debug_str     0x0008eece       0x7e ./Core/Src/system_stm32f1xx.o
                              0x89a0c (size before relaxing)
 .debug_str     0x0008ef4c       0x44 ./Core/Startup/startup_stm32f103c8tx.o
                                 0x8a (size before relaxing)
 .debug_str     0x0008ef90      0x384 ./Drivers/STM32F1xx_HAL_Driver/Src/stm32f1xx_hal.o
                              0x8a13f (size before relaxing)
 .debug_str     0x0008f314      0x38e ./Drivers/STM32F1xx_HAL_Driver/Src/stm32f1xx_hal_adc.o
                              0x8a0f0 (size before relaxing)
 .debug_str     0x0008f6a2      0x294 ./Drivers/STM32F1xx_HAL_Driver/Src/stm32f1xx_hal_cortex.o
                              0x8a08b (size before relaxing)
 .debug_str     0x0008f936      0x1e7 ./Drivers/STM32F1xx_HAL_Driver/Src/stm32f1xx_hal_dma.o
                              0x89db5 (size before relaxing)
 .debug_str     0x0008fb1d      0x2d0 ./Drivers/STM32F1xx_HAL_Driver/Src/stm32f1xx_hal_gpio.o
                              0x89d92 (size before relaxing)
 .debug_str     0x0008fded      0xb9c ./Drivers/STM32F1xx_HAL_Driver/Src/stm32f1xx_hal_i2c.o
                              0x8aad3 (size before relaxing)
 .debug_str     0x00090989      0x209 ./Drivers/STM32F1xx_HAL_Driver/Src/stm32f1xx_hal_rcc.o
                              0x89e3b (size before relaxing)
 .debug_str     0x00090b92       0x84 ./Drivers/STM32F1xx_HAL_Driver/Src/stm32f1xx_hal_rcc_ex.o
                              0x89b8b (size before relaxing)
 .debug_str     0x00090c16      0xc36 ./Drivers/STM32F1xx_HAL_Driver/Src/stm32f1xx_hal_tim.o
                              0x8ae3d (size before relaxing)
 .debug_str     0x0009184c      0x493 ./Drivers/STM32F1xx_HAL_Driver/Src/stm32f1xx_hal_tim_ex.o
                              0x8a649 (size before relaxing)
 .debug_str     0x00091cdf      0x5f4 ./Drivers/STM32F1xx_HAL_Driver/Src/stm32f1xx_hal_uart.o
                              0x8a4ac (size before relaxing)

.comment        0x00000000       0x43
 .comment       0x00000000       0x43 ./Core/Src/control.o
                                 0x44 (size before relaxing)
 .comment       0x00000043       0x44 ./Core/Src/main.o
 .comment       0x00000043       0x44 ./Core/Src/stm32f1xx_hal_msp.o
 .comment       0x00000043       0x44 ./Core/Src/stm32f1xx_it.o
 .comment       0x00000043       0x44 ./Core/Src/system_stm32f1xx.o
 .comment       0x00000043       0x44 ./Drivers/STM32F1xx_HAL_Driver/Src/stm32f1xx_hal.o
 .comment       0x00000043       0x44 ./Drivers/STM32F1xx_HAL_Driver/Src/stm32f1xx_hal_adc.o
 .comment       0x00000043       0x44 ./Drivers/STM32F1xx_HAL_Driver/Src/stm32f1xx_hal_cortex.o
 .comment       0x00000043       0x44 ./Drivers/STM32F1xx_HAL_Driver/Src/stm32f1xx_hal_dma.o
 .comment       0x00000043       0x44 ./Drivers/STM32F1xx_HAL_Driver/Src/stm32f1xx_hal_gpio.o
 .comment       0x00000043       0x44 ./Drivers/STM32F1xx_HAL_Driver/Src/stm32f1xx_hal_i2c.o
 .comment       0x00000043       0x44 ./Drivers/STM32F1xx_HAL_Driver/Src/stm32f1xx_hal_rcc.o
 .comment       0x00000043       0x44 ./Drivers/STM32F1xx_HAL_Driver/Src/stm32f1xx_hal_rcc_ex.o
 .comment       0x00000043       0x44 ./Drivers/STM32F1xx_HAL_Driver/Src/stm32f1xx_hal_tim.o
 .comment       0x00000043       0x44 ./Drivers/STM32F1xx_HAL_Driver/Src/stm32f1xx_hal_tim_ex.o
 .comment       0x00000043       0x44 ./Drivers/STM32F1xx_HAL_Driver/Src/stm32f1xx_hal_uart.o

.debug_rnglists
                0x00000000      0xd09
 .debug_rnglists
                0x00000000       0x69 ./Core/Src/main.o
 .debug_rnglists
                0x00000069       0x67 ./Core/Src/stm32f1xx_hal_msp.o
 .debug_rnglists
                0x000000d0       0x85 ./Core/Src/stm32f1xx_it.o
 .debug_rnglists
                0x00000155       0x1a ./Core/Src/system_stm32f1xx.o
 .debug_rnglists
                0x0000016f       0x19 ./Core/Startup/startup_stm32f103c8tx.o
 .debug_rnglists
                0x00000188       0xa3 ./Drivers/STM32F1xx_HAL_Driver/Src/stm32f1xx_hal.o
 .debug_rnglists
                0x0000022b       0xbc ./Drivers/STM32F1xx_HAL_Driver/Src/stm32f1xx_hal_adc.o
 .debug_rnglists
                0x000002e7       0xbb ./Drivers/STM32F1xx_HAL_Driver/Src/stm32f1xx_hal_cortex.o
 .debug_rnglists
                0x000003a2       0x64 ./Drivers/STM32F1xx_HAL_Driver/Src/stm32f1xx_hal_dma.o
 .debug_rnglists
                0x00000406       0x3f ./Drivers/STM32F1xx_HAL_Driver/Src/stm32f1xx_hal_gpio.o
 .debug_rnglists
                0x00000445      0x23c ./Drivers/STM32F1xx_HAL_Driver/Src/stm32f1xx_hal_i2c.o
 .debug_rnglists
                0x00000681       0x6c ./Drivers/STM32F1xx_HAL_Driver/Src/stm32f1xx_hal_rcc.o
 .debug_rnglists
                0x000006ed       0x21 ./Drivers/STM32F1xx_HAL_Driver/Src/stm32f1xx_hal_rcc_ex.o
 .debug_rnglists
                0x0000070e      0x31a ./Drivers/STM32F1xx_HAL_Driver/Src/stm32f1xx_hal_tim.o
 .debug_rnglists
                0x00000a28      0x125 ./Drivers/STM32F1xx_HAL_Driver/Src/stm32f1xx_hal_tim_ex.o
 .debug_rnglists
                0x00000b4d      0x1bc ./Drivers/STM32F1xx_HAL_Driver/Src/stm32f1xx_hal_uart.o

.debug_frame    0x00000000     0x45d4
 .debug_frame   0x00000000      0x1d4 ./Core/Src/main.o
 .debug_frame   0x000001d4      0x214 ./Core/Src/stm32f1xx_hal_msp.o
 .debug_frame   0x000003e8      0x23c ./Core/Src/stm32f1xx_it.o
 .debug_frame   0x00000624       0x58 ./Core/Src/system_stm32f1xx.o
 .debug_frame   0x0000067c      0x334 ./Drivers/STM32F1xx_HAL_Driver/Src/stm32f1xx_hal.o
 .debug_frame   0x000009b0      0x40c ./Drivers/STM32F1xx_HAL_Driver/Src/stm32f1xx_hal_adc.o
 .debug_frame   0x00000dbc      0x428 ./Drivers/STM32F1xx_HAL_Driver/Src/stm32f1xx_hal_cortex.o
 .debug_frame   0x000011e4      0x208 ./Drivers/STM32F1xx_HAL_Driver/Src/stm32f1xx_hal_dma.o
 .debug_frame   0x000013ec      0x14c ./Drivers/STM32F1xx_HAL_Driver/Src/stm32f1xx_hal_gpio.o
 .debug_frame   0x00001538      0xc84 ./Drivers/STM32F1xx_HAL_Driver/Src/stm32f1xx_hal_i2c.o
 .debug_frame   0x000021bc      0x218 ./Drivers/STM32F1xx_HAL_Driver/Src/stm32f1xx_hal_rcc.o
 .debug_frame   0x000023d4       0x80 ./Drivers/STM32F1xx_HAL_Driver/Src/stm32f1xx_hal_rcc_ex.o
 .debug_frame   0x00002454     0x11b8 ./Drivers/STM32F1xx_HAL_Driver/Src/stm32f1xx_hal_tim.o
 .debug_frame   0x0000360c      0x638 ./Drivers/STM32F1xx_HAL_Driver/Src/stm32f1xx_hal_tim_ex.o
 .debug_frame   0x00003c44      0x944 ./Drivers/STM32F1xx_HAL_Driver/Src/stm32f1xx_hal_uart.o
 .debug_frame   0x00004588       0x20 C:/ST/STM32CubeIDE_1.17.0/STM32CubeIDE/plugins/com.st.stm32cube.ide.mcu.externaltools.gnu-tools-for-stm32.12.3.rel1.win32_1.1.0.202410251130/tools/bin/../lib/gcc/arm-none-eabi/12.3.1/../../../../arm-none-eabi/lib/thumb/v7-m/nofp\libc_nano.a(libc_a-memset.o)
 .debug_frame   0x000045a8       0x2c C:/ST/STM32CubeIDE_1.17.0/STM32CubeIDE/plugins/com.st.stm32cube.ide.mcu.externaltools.gnu-tools-for-stm32.12.3.rel1.win32_1.1.0.202410251130/tools/bin/../lib/gcc/arm-none-eabi/12.3.1/../../../../arm-none-eabi/lib/thumb/v7-m/nofp\libc_nano.a(libc_a-init.o)

.debug_line_str
                0x00000000       0x6e
 .debug_line_str
                0x00000000       0x6e ./Core/Startup/startup_stm32f103c8tx.o
